// Jest Snapshot v1, https://goo.gl/fbAQLP

exports[`renders correctly 1`] = `
<View
  onLayout={[Function]}
  style={
    Array [
      Object {
        "flex": 1,
      },
    ]
  }
>
  <View
    onMoveShouldSetResponder={[Function]}
    onMoveShouldSetResponderCapture={[Function]}
    onResponderEnd={[Function]}
    onResponderGrant={[Function]}
    onResponderMove={[Function]}
    onResponderReject={[Function]}
    onResponderRelease={[Function]}
    onResponderStart={[Function]}
    onResponderTerminate={[Function]}
    onResponderTerminationRequest={[Function]}
    onStartShouldSetResponder={[Function]}
    onStartShouldSetResponderCapture={[Function]}
    style={
      Array [
        Object {
          "flex": 1,
          "flexDirection": "column-reverse",
        },
        Object {
          "backgroundColor": "#000",
        },
      ]
    }
  >
    <View
      style={
        Object {
          "flex": 1,
        }
      }
    >
      <View
        collapsable={undefined}
        pointerEvents="auto"
        style={
          Object {
            "backgroundColor": "#E9E9EF",
            "bottom": 0,
            "left": 0,
            "opacity": 1,
            "position": "absolute",
            "right": 0,
            "shadowColor": "black",
            "shadowOffset": Object {
              "height": 0,
              "width": 0,
            },
            "shadowOpacity": 0.2,
            "shadowRadius": 5,
            "top": 0,
            "transform": Array [
              Object {
                "translateX": 0,
              },
              Object {
                "translateY": 0,
              },
            ],
          }
        }
      >
        <View
          style={
            Object {
              "flex": 1,
            }
          }
        >
          <View>
            <View
              style={
                Object {
                  "alignItems": "center",
                  "backgroundColor": "#162331",
                  "flexDirection": "row",
                }
              }
            >
              <View
                style={
                  Object {
                    "bottom": 20,
                    "left": 690,
                    "position": "absolute",
                    "zIndex": 2,
                  }
                }
              >
                <ActivityIndicator
                  animating={false}
                  color="#999999"
                  hidesWhenStopped={true}
                  size="small"
                />
              </View>
              <TextInput
                autoCapitalize="none"
                autoCorrect={false}
                clearButtonMode="always"
                onChangeText={[Function]}
                placeholder="Search a product..."
                spellCheck={false}
                style={
                  Object {
                    "backgroundColor": "white",
                    "borderRadius": 5,
                    "borderWidth": 1,
                    "flexGrow": 1,
                    "height": 40,
                    "margin": 10,
                    "padding": 10,
                  }
                }
                underlineColorAndroid="white"
                value=""
              />
            </View>
            <View
              style={
                Object {
                  "alignItems": "center",
                  "backgroundColor": "white",
                  "borderBottomColor": "gray",
                  "borderBottomWidth": 1,
                  "flexDirection": "row",
                  "justifyContent": "space-between",
                  "padding": 5,
                }
              }
            >
              <View
                style={
                  Object {
                    "alignItems": "center",
                    "flexDirection": "row",
                    "justifyContent": "space-between",
                    "paddingLeft": 8,
                  }
                }
              >
                <View
                  animated={false}
                  defaultIndex={-1}
                  defaultValue="Featured"
                  disabled={false}
                  dropdownStyle={
                    Object {
                      "height": 110,
                      "width": 200,
                    }
                  }
                  keyboardShouldPersistTaps="never"
                  onSelect={[Function]}
                  options={
                    Array [
                      "Featured",
                      "Price desc",
                      "Price asc",
                    ]
                  }
                  renderRow={[Function]}
                  showsVerticalScrollIndicator={true}
                  textStyle={
                    Object {
                      "fontSize": 15,
                    }
                  }
                >
                  <View
                    accessibilityComponentType={undefined}
                    accessibilityLabel={undefined}
                    accessibilityTraits={undefined}
                    accessible={true}
                    collapsable={undefined}
                    hitSlop={undefined}
                    isTVSelectable={true}
                    nativeID={undefined}
                    onLayout={undefined}
                    onResponderGrant={[Function]}
                    onResponderMove={[Function]}
                    onResponderRelease={[Function]}
                    onResponderTerminate={[Function]}
                    onResponderTerminationRequest={[Function]}
                    onStartShouldSetResponder={[Function]}
                    style={
                      Object {
                        "opacity": 1,
                      }
                    }
                    testID={undefined}
                    tvParallaxProperties={undefined}
                  >
                    <View
                      style={
                        Object {
                          "justifyContent": "center",
                        }
                      }
                    >
                      <Text
                        accessible={true}
                        allowFontScaling={true}
                        disabled={false}
                        ellipsizeMode="tail"
                        numberOfLines={1}
                        style={
                          Array [
                            Object {
                              "fontSize": 12,
                            },
                            Object {
                              "fontSize": 15,
                            },
                          ]
                        }
                      >
                        Featured
                      </Text>
                    </View>
                  </View>
                </View>
                <Text
                  accessible={true}
                  allowFontScaling={true}
                  disabled={false}
                  ellipsizeMode="tail"
                />
              </View>
              <View
                accessibilityComponentType="button"
                accessibilityLabel={undefined}
                accessibilityTraits={
                  Array [
                    "button",
                  ]
                }
                accessible={true}
                collapsable={undefined}
                hitSlop={undefined}
                isTVSelectable={true}
                nativeID={undefined}
                onLayout={undefined}
                onResponderGrant={[Function]}
                onResponderMove={[Function]}
                onResponderRelease={[Function]}
                onResponderTerminate={[Function]}
                onResponderTerminationRequest={[Function]}
                onStartShouldSetResponder={[Function]}
                style={
                  Object {
                    "opacity": 1,
                  }
                }
                testID={undefined}
                tvParallaxProperties={undefined}
              >
                <View
                  style={
                    Array [
                      Object {},
                    ]
                  }
                >
                  <Text
                    accessible={true}
                    allowFontScaling={true}
                    disabled={false}
                    ellipsizeMode="tail"
                    style={
                      Array [
                        Object {
                          "color": "#007AFF",
                          "fontSize": 18,
                          "padding": 8,
                          "textAlign": "center",
                        },
                        Object {
                          "color": "#162331",
                        },
                      ]
                    }
                  >
                    Filters (0)
                  </Text>
                </View>
              </View>
            </View>
          </View>
        </View>
      </View>
    </View>
    <View
      cardStyle={undefined}
      collapsable={undefined}
      getScreenDetails={[Function]}
      headerMode={undefined}
      index={0}
      layout={
        Object {
          "height": 0,
          "initHeight": 0,
          "initWidth": 0,
          "isMeasured": false,
          "width": 0,
        }
      }
      mode="float"
      navigation={
        Object {
          "dispatch": [Function],
          "goBack": [Function],
          "navigate": [Function],
          "setParams": [Function],
          "state": Object {
            "index": 0,
            "routes": Array [
              Object {
                "key": "Init-id-0-0",
                "params": Object {
                  "hideBackImage": false,
                  "init": true,
                  "navigationBarStyle": Object {
                    "backgroundColor": "#162331",
                    "borderBottomColor": "transparent",
                    "borderColor": "#162331",
                  },
                  "title": "AEKI",
                  "titleStyle": Object {
                    "color": "white",
                  },
                },
                "routeName": "Home",
              },
            ],
          },
        }
      }
      router={
        Object {
          "getActionForPathAndParams": [Function],
          "getComponentForRouteName": [Function],
          "getComponentForState": [Function],
          "getPathAndParamsForState": [Function],
          "getScreenConfig": [Function],
          "getScreenOptions": [Function],
          "getStateForAction": [Function],
        }
      }
      transitionConfig={undefined}
    >
      <View
        onLayout={[Function]}
        style={
          Object {
            "backgroundColor": "#162331",
            "borderBottomColor": "transparent",
            "borderBottomWidth": 0.5,
            "borderColor": "#162331",
            "height": 64,
            "paddingBottom": 0,
            "paddingLeft": 0,
            "paddingRight": 0,
            "paddingTop": 20,
          }
        }
      >
        <View
          style={
            Object {
              "flex": 1,
            }
          }
        >
          <View
            style={
              Array [
                Object {
                  "bottom": 0,
                  "left": 0,
                  "position": "absolute",
                  "right": 0,
                  "top": 0,
                },
                Object {
                  "flexDirection": "row",
                },
              ]
            }
          >
            <View
              collapsable={undefined}
              pointerEvents="box-none"
              style={
                Object {
                  "alignItems": "center",
                  "backgroundColor": "transparent",
                  "bottom": 0,
                  "justifyContent": "center",
                  "left": 0,
                  "opacity": 1,
                  "position": "absolute",
                  "right": 0,
                  "top": 0,
                  "transform": Array [
                    Object {
                      "translateX": 0,
                    },
                  ],
                }
              }
            >
              <Text
                accessibilityTraits="header"
                accessible={true}
                allowFontScaling={true}
                collapsable={undefined}
                disabled={false}
                ellipsizeMode="tail"
                numberOfLines={1}
                onLayout={[Function]}
                style={
                  Object {
                    "color": "white",
                    "fontSize": 17,
                    "fontWeight": "600",
                    "marginHorizontal": 16,
                    "textAlign": "center",
                  }
                }
              >
                AEKI
              </Text>
            </View>
          </View>
        </View>
      </View>
    </View>
  </View>
</View>
`;
